ASxxxx Linker V03.00 + NoICE + sdld,  page 1.
Hexadecimal  [32-Bits]

Area                                    Addr        Size        Decimal Bytes (Attributes)
--------------------------------        ----        ----        ------- ----- ------------
.  .ABS.                            00000000    00000000 =           0. bytes (ABS,CON)

      Value  Global                              Global Defined In Module
      -----  --------------------------------   ------------------------
     00000000  .__.ABS.                           SetTileMap
     00000000  _rRAMG                             
     00000000  l__BASE                         
     00000000  l__BSS                          
     00000000  l__CABS                         
     00000000  l__CODE_0                       
     00000000  l__CRASH_HEADER                 
     00000000  l__CRASH_SCRATCH                
     00000000  l__DABS                         
     00000000  l__HEADER                       
     00000000  l__HEADER_LCD                   
     00000000  l__HEADER_SIO                   
     00000000  l__HEADER_TIMER                 
     00000000  l__HEAP                         
     00000000  l__HRAM                         
     00000000  l__LIT                          
     00000000  s__CABS                         
     00000000  s__CRASH_HEADER                 
     00000000  s__CRASH_HEADER0                
     00000000  s__CRASH_HEADER1                
     00000000  s__CRASH_SCRATCH                
     00000000  s__CRASH_SCRATCH2               
     00000000  s__DABS                         
     00000000  s__HEADER                       
     00000000  s__HEADER0                      
     00000000  s__HEADER1                      
     00000000  s__HEADER10                     
     00000000  s__HEADER11                     
     00000000  s__HEADER2                      
     00000000  s__HEADER3                      
     00000000  s__HEADER4                      
     00000000  s__HEADER5                      
     00000000  s__HEADER6                      
     00000000  s__HEADER7                      
     00000000  s__HEADER8                      
     00000000  s__HEADER9                      
     00000000  s__HEADER_LCD                   
     00000000  s__HEADER_LCD0                  
     00000000  s__HEADER_SIO                   
     00000000  s__HEADER_SIO0                  
     00000000  s__HEADER_TIMER                 
     00000000  s__HEADER_TIMER0                
     00000000  s__HEADERa                      
     00000000  s__HEADERb                      
     00000000  s__HEADERc                      
     00000000  s__HEADERd                      
     00000000  s__HEADERe                      
     00000000  s__HEADERf                      
     00000000  s__HRAM                         
     00000000  s__HRAM12                       
ASxxxx Linker V03.00 + NoICE + sdld,  page 2.
Hexadecimal  [32-Bits]

Area                                    Addr        Size        Decimal Bytes (Attributes)
--------------------------------        ----        ----        ------- ----- ------------
.  .ABS.                            00000000    00000000 =           0. bytes (ABS,CON)

      Value  Global                              Global Defined In Module
      -----  --------------------------------   ------------------------
     00000001  b_activate_actor                   actor
     00000001  b_activate_actors_in_col           actor
     00000001  b_activate_actors_in_row           actor
     00000001  b_actor_at_tile                    actor
     00000001  b_actor_get_frame_offset           actor
     00000001  b_actor_in_front_of_player         actor
     00000001  b_actor_overlapping_bb             actor
     00000001  b_actor_overlapping_player         actor
     00000001  b_actor_set_anim_idle              actor
     00000001  b_actor_set_anim_moving            actor
     00000001  b_actor_set_dir                    actor
     00000001  b_actor_set_frame_offset           actor
     00000001  b_actor_set_frames                 actor
     00000001  b_actors_handle_player_collision   actor
     00000001  b_actors_init                      actor
     00000001  b_camera_init                      camera
     00000001  b_camera_reset                     camera
     00000001  b_check_collision_in_direction     actor
     00000001  b_deactivate_actor                 actor
     00000001  b_parallax_init                    parallax
     00000001  b_player_init                      actor
     00000001  b_remove_LCD_ISRs                  interrupts
     00000001  b_scroll_init                      scroll
     00000001  b_scroll_repaint                   scroll
     00000001  b_scroll_reset                     scroll
     00000001  b_scroll_update                    scroll
     00000001  b_ui_draw_frame                    ui
     00000001  b_ui_draw_text_buffer_char         ui
     00000001  b_ui_init                          ui
     00000001  b_ui_load_tiles                    ui
     00000001  b_ui_run_menu                      ui
     00000001  b_ui_run_modal                     ui
     00000001  l__GSFINAL                      
     00000001  l__HEADER0                      
     00000001  l__HEADER11                     
     00000001  l__HEADER9                      
     00000001  l__HEADERa                      
     00000001  l__HEADERb                      
     00000001  l__HEADERd                      
     00000001  l__HEADERe                      
     00000002  b_camera_shake_frames              vm_camera
     00000002  b_itoa_fmt                         vm_ui_a
     00000002  b_script_execute                   vm
     00000002  b_script_runner_init               vm
     00000002  b_script_terminate                 vm
     00000002  b_scroll_rect                      
     00000002  b_vm_actor_activate                vm_actor
     00000002  b_vm_actor_deactivate              vm_actor
     00000002  b_vm_actor_emote                   vm_actor
     00000002  b_vm_actor_get_angle               vm_actor
     00000002  b_vm_actor_get_anim_frame          vm_actor
ASxxxx Linker V03.00 + NoICE + sdld,  page 3.
Hexadecimal  [32-Bits]

Area                                    Addr        Size        Decimal Bytes (Attributes)
--------------------------------        ----        ----        ------- ----- ------------
.  .ABS.                            00000000    00000000 =           0. bytes (ABS,CON)

      Value  Global                              Global Defined In Module
      -----  --------------------------------   ------------------------
     00000002  b_vm_actor_get_dir                 vm_actor
     00000002  b_vm_actor_get_pos                 vm_actor
     00000002  b_vm_actor_move_to                 vm_actor
     00000002  b_vm_actor_replace_tile            vm_actor
     00000002  b_vm_actor_set_anim                vm_actor
     00000002  b_vm_actor_set_anim_frame          vm_actor
     00000002  b_vm_actor_set_anim_set            vm_actor
     00000002  b_vm_actor_set_anim_tick           vm_actor
     00000002  b_vm_actor_set_bounds              vm_actor
     00000002  b_vm_actor_set_coll_enabled        vm_actor
     00000002  b_vm_actor_set_dir                 vm_actor
     00000002  b_vm_actor_set_hidden              vm_actor
     00000002  b_vm_actor_set_move_speed          vm_actor
     00000002  b_vm_actor_set_pos                 vm_actor
     00000002  b_vm_actor_set_spritesheet         vm_actor
     00000002  b_vm_actor_set_spritesheet_by_re   vm_actor
     00000002  b_vm_actor_terminate_update        vm_actor
     00000002  b_vm_call                          vm
     00000002  b_vm_call_far                      vm
     00000002  b_vm_call_rel                      vm
     00000002  b_vm_camera_move_to                vm_camera
     00000002  b_vm_camera_set_pos                vm_camera
     00000002  b_vm_choice                        vm_ui
     00000002  b_vm_context_prepare               vm_gameboy
     00000002  b_vm_cos_scale                     vm_math
     00000002  b_vm_display_text                  vm_ui
     00000002  b_vm_fade                          vm_gameboy
     00000002  b_vm_get_indirect                  vm
     00000002  b_vm_get_int16                     vm
     00000002  b_vm_get_int8                      vm
     00000002  b_vm_get_tile_xy                   vm_gameboy
     00000002  b_vm_get_tlocal                    vm
     00000002  b_vm_get_uint8                     vm
     00000002  b_vm_idle                          vm
     00000002  b_vm_if                            vm
     00000002  b_vm_if_const                      vm
     00000002  b_vm_input_attach                  vm_gameboy
     00000002  b_vm_input_detach                  vm_gameboy
     00000002  b_vm_input_get                     vm_gameboy
     00000002  b_vm_input_wait                    vm_gameboy
     00000002  b_vm_invoke                        vm
     00000002  b_vm_join                          vm
     00000002  b_vm_jump                          vm
     00000002  b_vm_jump_rel                      vm
     00000002  b_vm_load_cursor                   vm_ui
     00000002  b_vm_load_frame                    vm_ui
     00000002  b_vm_load_palette                  vm_palette
     00000002  b_vm_lock                          vm
     00000002  b_vm_loop                          vm
     00000002  b_vm_loop_rel                      vm
     00000002  b_vm_memcpy                        vm
ASxxxx Linker V03.00 + NoICE + sdld,  page 4.
Hexadecimal  [32-Bits]

Area                                    Addr        Size        Decimal Bytes (Attributes)
--------------------------------        ----        ----        ------- ----- ------------
.  .ABS.                            00000000    00000000 =           0. bytes (ABS,CON)

      Value  Global                              Global Defined In Module
      -----  --------------------------------   ------------------------
     00000002  b_vm_memset                        vm
     00000002  b_vm_music_mute                    vm_music
     00000002  b_vm_music_play                    vm_music
     00000002  b_vm_music_routine                 vm_music
     00000002  b_vm_music_setpos                  vm_music
     00000002  b_vm_music_stop                    vm_music
     00000002  b_vm_overlay_clear                 vm_ui
     00000002  b_vm_overlay_hide                  vm_ui
     00000002  b_vm_overlay_move_to               vm_ui
     00000002  b_vm_overlay_scroll                vm_ui
     00000002  b_vm_overlay_set_scroll            vm_ui
     00000002  b_vm_overlay_set_submap            vm_ui
     00000002  b_vm_overlay_setpos                vm_ui
     00000002  b_vm_overlay_show                  vm_ui
     00000002  b_vm_overlay_wait                  vm_ui
     00000002  b_vm_poll                          vm_gameboy
     00000002  b_vm_poll_loaded                   vm
     00000002  b_vm_pop                           vm
     00000002  b_vm_projectile_launch             vm_projectiles
     00000002  b_vm_push                          vm
     00000002  b_vm_push_reference                vm
     00000002  b_vm_push_value                    vm
     00000002  b_vm_push_value_ind                vm
     00000002  b_vm_raise                         vm
     00000002  b_vm_rand                          vm
     00000002  b_vm_randomize                     vm
     00000002  b_vm_replace_tile                  vm_gameboy
     00000002  b_vm_replace_tile_xy               vm_gameboy
     00000002  b_vm_reserve                       vm
     00000002  b_vm_ret                           vm
     00000002  b_vm_ret_far                       vm
     00000002  b_vm_rtc_get                       vm_rtc
     00000002  b_vm_rtc_latch                     vm_rtc
     00000002  b_vm_rtc_set                       vm_rtc
     00000002  b_vm_rtc_start                     vm_rtc
     00000002  b_vm_rumble                        vm_gameboy
     00000002  b_vm_save_clear                    vm_load_save
     00000002  b_vm_save_peek                     vm_load_save
     00000002  b_vm_scene_pop                     vm_scene
     00000002  b_vm_scene_pop_all                 vm_scene
     00000002  b_vm_scene_push                    vm_scene
     00000002  b_vm_scene_stack_reset             vm_scene
     00000002  b_vm_set                           vm
     00000002  b_vm_set_const                     vm
     00000002  b_vm_set_const_int16               vm
     00000002  b_vm_set_const_int8                vm
     00000002  b_vm_set_font                      vm_ui
     00000002  b_vm_set_indirect                  vm
     00000002  b_vm_set_int16                     vm
     00000002  b_vm_set_int8                      vm
     00000002  b_vm_set_print_dir                 vm_ui
ASxxxx Linker V03.00 + NoICE + sdld,  page 5.
Hexadecimal  [32-Bits]

Area                                    Addr        Size        Decimal Bytes (Attributes)
--------------------------------        ----        ----        ------- ----- ------------
.  .ABS.                            00000000    00000000 =           0. bytes (ABS,CON)

      Value  Global                              Global Defined In Module
      -----  --------------------------------   ------------------------
     00000002  b_vm_set_sprite_mode               vm_gameboy
     00000002  b_vm_set_sprites_visible           vm_gameboy
     00000002  b_vm_set_text_sound                vm_ui
     00000002  b_vm_set_uint8                     vm
     00000002  b_vm_sin_scale                     vm_math
     00000002  b_vm_sio_exchange                  vm_sio
     00000002  b_vm_sio_set_mode                  vm_sio
     00000002  b_vm_sound_mastervol               vm_music
     00000002  b_vm_sound_play                    vm_music
     00000002  b_vm_switch_text_layer             vm_ui
     00000002  b_vm_systime                       vm
     00000002  b_vm_terminate                     vm
     00000002  b_vm_test_terminate                vm
     00000002  b_vm_timer_prepare                 vm_gameboy
     00000002  b_vm_timer_reset                   vm_gameboy
     00000002  b_vm_timer_set                     vm_gameboy
     00000002  b_vm_timer_stop                    vm_gameboy
     00000002  b_vm_unlock                        vm
     00000002  b_vm_wave_play                     vm_music
     00000002  b_wait_frames                      vm
     00000002  l__HEADER5                      
     00000002  l__HEADERc                      
     00000002  l__HEADERf                      
     00000003  b_adventure_init                   adventure
     00000003  b_adventure_update                 adventure
     00000003  b_logo_init                        logo
     00000003  b_logo_update                      logo
     00000003  b_platform_init                    platform
     00000003  b_platform_update                  platform
     00000003  b_pointnclick_init                 pointnclick
     00000003  b_pointnclick_update               pointnclick
     00000003  b_shmup_init                       shmup
     00000003  b_shmup_update                     shmup
     00000003  b_topdown_init                     topdown
     00000003  b_topdown_update                   topdown
     00000003  l__HEADER8                      
     00000003  l__HEADER_LCD0                  
     00000003  l__HRAM12                       
     00000004  b_CGBZeroPalette                   palette
     00000004  b_SIO_init                         sio
     00000004  b_core_reset                       core
     00000004  b_core_run                         core
     00000004  b_data_clear                       load_save
     00000004  b_data_init                        load_save
     00000004  b_data_load                        load_save
     00000004  b_data_peek                        load_save
     00000004  b_data_save                        load_save
     00000004  b_do_load_palette                  data_manager
     00000004  b_events_init                      events
     00000004  b_fade_applypalettechange          fade_manager
     00000004  b_fade_in                          fade_manager
ASxxxx Linker V03.00 + NoICE + sdld,  page 6.
Hexadecimal  [32-Bits]

Area                                    Addr        Size        Decimal Bytes (Attributes)
--------------------------------        ----        ----        ------- ----- ------------
.  .ABS.                            00000000    00000000 =           0. bytes (ABS,CON)

      Value  Global                              Global Defined In Module
      -----  --------------------------------   ------------------------
     00000004  b_fade_in_modal                    fade_manager
     00000004  b_fade_init                        fade_manager
     00000004  b_fade_out                         fade_manager
     00000004  b_fade_out_modal                   fade_manager
     00000004  b_fade_setspeed                    fade_manager
     00000004  b_fade_update                      fade_manager
     00000004  b_input_init                       input
     00000004  b_load_background                  data_manager
     00000004  b_load_bkg_tileset                 data_manager
     00000004  b_load_bounds                      data_manager
     00000004  b_load_emote                       data_manager
     00000004  b_load_init                        data_manager
     00000004  b_load_player                      data_manager
     00000004  b_load_scene                       data_manager
     00000004  b_load_sprite                      data_manager
     00000004  b_music_events_poll                music_manager
     00000004  b_music_init                       music_manager
     00000004  b_music_stop                       music_manager
     00000004  b_palette_init                     palette
     00000004  b_projectile_launch                projectiles
     00000004  b_projectiles_init                 projectiles
     00000004  b_restore_sram                     flasher
     00000004  b_restore_sram_bank                flasher
     00000004  b_save_sram                        flasher
     00000004  b_set_sample                       sample_player
     00000004  b_set_sgb_border                   sgb_border
     00000004  b_sound_init                       music_manager
     00000004  b_sound_play                       music_manager
     00000004  b_timers_init                      events
     00000004  b_trigger_activate_at              trigger
     00000004  b_trigger_activate_at_intersecti   trigger
     00000004  b_trigger_at_intersection          trigger
     00000004  b_trigger_at_tile                  trigger
     00000004  b_trigger_interact                 trigger
     00000004  b_trigger_reset                    trigger
     00000004  b_wave_play                        music_manager
     00000004  l__CRASH_HEADER1                
     00000004  l__HEADER_SIO0                  
     00000004  l__HEADER_TIMER0                
     00000005  ___bank_music_track_4__Data        music_track_4__Data
     00000005  ___bank_music_track_5__Data        music_track_5__Data
     00000005  ___bank_script_input_1             script_input_1
     00000005  ___bank_spritesheet_22             spritesheet_22
     00000005  ___bank_tileset_13                 tileset_13
     00000005  l__CRASH_HEADER0                
     00000005  l__HEADER1                      
     00000006  ___bank_font_0                     font_0
     00000006  ___bank_music_track_2__Data        music_track_2__Data
     00000006  ___bank_script_input_14            script_input_14
     00000006  ___bank_script_s18_init            script_s18_init
     00000006  ___bank_spritesheet_65             spritesheet_65
ASxxxx Linker V03.00 + NoICE + sdld,  page 7.
Hexadecimal  [32-Bits]

Area                                    Addr        Size        Decimal Bytes (Attributes)
--------------------------------        ----        ----        ------- ----- ------------
.  .ABS.                            00000000    00000000 =           0. bytes (ABS,CON)

      Value  Global                              Global Defined In Module
      -----  --------------------------------   ------------------------
     00000006  ___bank_tileset_8                  tileset_8
     00000006  ___bank_tileset_93                 tileset_93
     00000006  l__HEADER7                      
     00000007  ___bank_scene_30_collisions        scene_30_collisions
     00000007  ___bank_script_s19a4_interact      script_s19a4_interact
     00000007  ___bank_tileset_24                 tileset_24
     00000007  ___bank_tileset_3                  tileset_3
     00000007  ___bank_tileset_5                  tileset_5
     00000007  ___bank_tileset_7                  tileset_7
     00000007  ___bank_tileset_79                 tileset_79
     00000007  ___bank_tileset_84                 tileset_84
     00000007  l__HEADER2                      
     00000008  ___bank_script_s12_init            script_s12_init
     00000008  ___bank_tilemap_18                 tilemap_18
     00000008  ___bank_tilemap_attr_18            tilemap_attr_18
     00000008  ___bank_tileset_10                 tileset_10
     00000008  ___bank_tileset_17                 tileset_17
     00000008  ___bank_tileset_20                 tileset_20
     00000008  ___bank_tileset_23                 tileset_23
     00000008  ___bank_tileset_27                 tileset_27
     00000008  ___bank_tileset_29                 tileset_29
     00000008  l__HEADER3                      
     00000009  ___bank_background_0               background_0
     00000009  ___bank_scene_2_collisions         scene_2_collisions
     00000009  ___bank_script_s0a3_update         script_s0a3_update
     00000009  ___bank_tilemap_30                 tilemap_30
     00000009  ___bank_tilemap_attr_30            tilemap_attr_30
     00000009  ___bank_tileset_0                  tileset_0
     00000009  ___bank_tileset_1                  tileset_1
     00000009  ___bank_tileset_16                 tileset_16
     00000009  ___bank_tileset_19                 tileset_19
     00000009  ___bank_tileset_21                 tileset_21
     00000009  ___bank_tileset_22                 tileset_22
     0000000A  ___bank_music_track_0__Data        music_track_0__Data
     0000000A  ___bank_music_track_1__Data        music_track_1__Data
     0000000A  ___bank_scene_4_collisions         scene_4_collisions
     0000000A  ___bank_scene_9_collisions         scene_9_collisions
     0000000A  ___bank_spritesheet_19             spritesheet_19
     0000000A  ___bank_tilemap_25                 tilemap_25
     0000000A  ___bank_tilemap_attr_25            tilemap_attr_25
     0000000A  ___bank_tileset_107                tileset_107
     0000000A  ___bank_tileset_14                 tileset_14
     0000000A  ___bank_tileset_18                 tileset_18
     0000000A  ___bank_tileset_26                 tileset_26
     0000000A  ___bank_tileset_28                 tileset_28
     0000000A  ___bank_tileset_9                  tileset_9
     0000000B  ___bank_music_track_3__Data        music_track_3__Data
     0000000B  ___bank_scene_12_sprites           scene_12_sprites
     0000000B  ___bank_scene_27_collisions        scene_27_collisions
     0000000B  ___bank_scene_5_collisions         scene_5_collisions
     0000000B  ___bank_scene_8_collisions         scene_8_collisions
ASxxxx Linker V03.00 + NoICE + sdld,  page 8.
Hexadecimal  [32-Bits]

Area                                    Addr        Size        Decimal Bytes (Attributes)
--------------------------------        ----        ----        ------- ----- ------------
.  .ABS.                            00000000    00000000 =           0. bytes (ABS,CON)

      Value  Global                              Global Defined In Module
      -----  --------------------------------   ------------------------
     0000000B  ___bank_script_s30a15_update       script_s30a15_update
     0000000B  ___bank_script_s4_init             script_s4_init
     0000000B  ___bank_spritesheet_64             spritesheet_64
     0000000B  ___bank_tilemap_24                 tilemap_24
     0000000B  ___bank_tilemap_26                 tilemap_26
     0000000B  ___bank_tilemap_28                 tilemap_28
     0000000B  ___bank_tilemap_attr_24            tilemap_attr_24
     0000000B  ___bank_tilemap_attr_26            tilemap_attr_26
     0000000B  ___bank_tilemap_attr_28            tilemap_attr_28
     0000000B  ___bank_tileset_2                  tileset_2
     0000000B  ___bank_tileset_25                 tileset_25
     0000000B  ___bank_tileset_30                 tileset_30
     0000000B  ___bank_tileset_94                 tileset_94
     0000000C  ___bank_scene_14_sprites           scene_14_sprites
     0000000C  ___bank_scene_18_collisions        scene_18_collisions
     0000000C  ___bank_scene_19_collisions        scene_19_collisions
     0000000C  ___bank_scene_21_collisions        scene_21_collisions
     0000000C  ___bank_scene_25_actors            scene_25_actors
     0000000C  ___bank_scene_25_collisions        scene_25_collisions
     0000000C  ___bank_scene_30_actors            scene_30_actors
     0000000C  ___bank_spritesheet_5              spritesheet_5
     0000000C  ___bank_tilemap_10                 tilemap_10
     0000000C  ___bank_tilemap_11                 tilemap_11
     0000000C  ___bank_tilemap_7                  tilemap_7
     0000000C  ___bank_tilemap_8                  tilemap_8
     0000000C  ___bank_tilemap_attr_10            tilemap_attr_10
     0000000C  ___bank_tilemap_attr_7             tilemap_attr_7
     0000000C  ___bank_tilemap_attr_8             tilemap_attr_8
     0000000C  ___bank_tileset_12                 tileset_12
     0000000C  ___bank_tileset_4                  tileset_4
     0000000C  ___bank_tileset_69                 tileset_69
     0000000C  ___bank_tileset_80                 tileset_80
     0000000C  ___bank_tileset_85                 tileset_85
     0000000D  ___bank_avatar_font_0              avatar_font_0
     0000000D  ___bank_scene_1_collisions         scene_1_collisions
     0000000D  ___bank_scene_31_collisions        scene_31_collisions
     0000000D  ___bank_scene_3_collisions         scene_3_collisions
     0000000D  ___bank_scene_6_collisions         scene_6_collisions
     0000000D  ___bank_script_s2a2_interact       script_s2a2_interact
     0000000D  ___bank_script_s2a2_update         script_s2a2_update
     0000000D  ___bank_script_s31_init            script_s31_init
     0000000D  ___bank_spritesheet_0              spritesheet_0
     0000000D  ___bank_spritesheet_85             spritesheet_85
     0000000D  ___bank_tilemap_2                  tilemap_2
     0000000D  ___bank_tilemap_29                 tilemap_29
     0000000D  ___bank_tilemap_3                  tilemap_3
     0000000D  ___bank_tilemap_attr_11            tilemap_attr_11
     0000000D  ___bank_tilemap_attr_2             tilemap_attr_2
     0000000D  ___bank_tilemap_attr_29            tilemap_attr_29
     0000000D  ___bank_tilemap_attr_3             tilemap_attr_3
     0000000D  ___bank_tileset_11                 tileset_11
ASxxxx Linker V03.00 + NoICE + sdld,  page 9.
Hexadecimal  [32-Bits]

Area                                    Addr        Size        Decimal Bytes (Attributes)
--------------------------------        ----        ----        ------- ----- ------------
.  .ABS.                            00000000    00000000 =           0. bytes (ABS,CON)

      Value  Global                              Global Defined In Module
      -----  --------------------------------   ------------------------
     0000000D  ___bank_tileset_33                 tileset_33
     0000000D  ___bank_tileset_6                  tileset_6
     0000000D  ___bank_tileset_77                 tileset_77
     0000000D  ___bank_tileset_81                 tileset_81
     0000000E  ___bank_scene_10_collisions        scene_10_collisions
     0000000E  ___bank_scene_15_collisions        scene_15_collisions
     0000000E  ___bank_scene_17_sprites           scene_17_sprites
     0000000E  ___bank_scene_3_actors             scene_3_actors
     0000000E  ___bank_scene_5_actors             scene_5_actors
     0000000E  ___bank_scene_7_collisions         scene_7_collisions
     0000000E  ___bank_script_s0_init             script_s0_init
     0000000E  ___bank_script_s0a1_interact       script_s0a1_interact
     0000000E  ___bank_script_s0t1_interact       script_s0t1_interact
     0000000E  ___bank_script_s19_init            script_s19_init
     0000000E  ___bank_script_s19a0_interact      script_s19a0_interact
     0000000E  ___bank_script_s20_init            script_s20_init
     0000000E  ___bank_script_s30a0_update        script_s30a0_update
     0000000E  ___bank_script_s30a1_update        script_s30a1_update
     0000000E  ___bank_script_s30a2_update        script_s30a2_update
     0000000E  ___bank_spritesheet_56             spritesheet_56
     0000000E  ___bank_spritesheet_61             spritesheet_61
     0000000E  ___bank_spritesheet_81             spritesheet_81
     0000000E  ___bank_tilemap_23                 tilemap_23
     0000000E  ___bank_tilemap_27                 tilemap_27
     0000000E  ___bank_tilemap_5                  tilemap_5
     0000000E  ___bank_tilemap_attr_23            tilemap_attr_23
     0000000E  ___bank_tilemap_attr_27            tilemap_attr_27
     0000000E  ___bank_tilemap_attr_5             tilemap_attr_5
     0000000E  ___bank_tileset_31                 tileset_31
     0000000E  ___bank_tileset_43                 tileset_43
     0000000E  ___bank_tileset_53                 tileset_53
     0000000E  ___bank_tileset_78                 tileset_78
     0000000E  ___bank_tileset_88                 tileset_88
     0000000E  ___bank_tileset_91                 tileset_91
     0000000E  ___bank_tileset_96                 tileset_96
     0000000F  ___bank_scene_0_collisions         scene_0_collisions
     0000000F  ___bank_scene_11_collisions        scene_11_collisions
     0000000F  ___bank_scene_12_collisions        scene_12_collisions
     0000000F  ___bank_scene_13_collisions        scene_13_collisions
     0000000F  ___bank_scene_14_collisions        scene_14_collisions
     0000000F  ___bank_scene_16_collisions        scene_16_collisions
     0000000F  ___bank_scene_17_collisions        scene_17_collisions
     0000000F  ___bank_scene_20_collisions        scene_20_collisions
     0000000F  ___bank_scene_22_collisions        scene_22_collisions
     0000000F  ___bank_scene_23_collisions        scene_23_collisions
     0000000F  ___bank_scene_24_collisions        scene_24_collisions
     0000000F  ___bank_scene_26_collisions        scene_26_collisions
     0000000F  ___bank_scene_28_collisions        scene_28_collisions
     0000000F  ___bank_scene_2_actors             scene_2_actors
     0000000F  ___bank_scene_4_actors             scene_4_actors
     0000000F  ___bank_script_healthuiinitwfade   script_healthuiinitwfade
ASxxxx Linker V03.00 + NoICE + sdld,  page 10.
Hexadecimal  [32-Bits]

Area                                    Addr        Size        Decimal Bytes (Attributes)
--------------------------------        ----        ----        ------- ----- ------------
.  .ABS.                            00000000    00000000 =           0. bytes (ABS,CON)

      Value  Global                              Global Defined In Module
      -----  --------------------------------   ------------------------
     0000000F  ___bank_script_s10t1_interact      script_s10t1_interact
     0000000F  ___bank_script_s23t1_interact      script_s23t1_interact
     0000000F  ___bank_script_s5_init             script_s5_init
     0000000F  ___bank_spritesheet_3              spritesheet_3
     0000000F  ___bank_spritesheet_49             spritesheet_49
     0000000F  ___bank_spritesheet_50             spritesheet_50
     0000000F  ___bank_spritesheet_76             spritesheet_76
     0000000F  ___bank_tilemap_1                  tilemap_1
     0000000F  ___bank_tilemap_12                 tilemap_12
     0000000F  ___bank_tilemap_16                 tilemap_16
     0000000F  ___bank_tilemap_17                 tilemap_17
     0000000F  ___bank_tilemap_22                 tilemap_22
     0000000F  ___bank_tilemap_9                  tilemap_9
     0000000F  ___bank_tilemap_attr_1             tilemap_attr_1
     0000000F  ___bank_tilemap_attr_12            tilemap_attr_12
     0000000F  ___bank_tilemap_attr_16            tilemap_attr_16
     0000000F  ___bank_tilemap_attr_17            tilemap_attr_17
     0000000F  ___bank_tilemap_attr_22            tilemap_attr_22
     0000000F  ___bank_tilemap_attr_9             tilemap_attr_9
     0000000F  ___bank_tileset_108                tileset_108
     0000000F  ___bank_tileset_15                 tileset_15
     0000000F  ___bank_tileset_35                 tileset_35
     0000000F  ___bank_tileset_44                 tileset_44
     0000000F  ___bank_tileset_46                 tileset_46
     0000000F  ___bank_tileset_47                 tileset_47
     00000010  ___bank_scene_0_actors             scene_0_actors
     00000010  ___bank_scene_11_actors            scene_11_actors
     00000010  ___bank_scene_19_actors            scene_19_actors
     00000010  ___bank_scene_29_collisions        scene_29_collisions
     00000010  ___bank_scene_31_actors            scene_31_actors
     00000010  ___bank_scene_9_actors             scene_9_actors
     00000010  ___bank_script_input_10            script_input_10
     00000010  ___bank_script_input_11            script_input_11
     00000010  ___bank_script_interacthealthsho   script_interacthealthshow
     00000010  ___bank_script_s14_init            script_s14_init
     00000010  ___bank_script_s16_init            script_s16_init
     00000010  ___bank_script_s19a1_update        script_s19a1_update
     00000010  ___bank_script_s21_init            script_s21_init
     00000010  ___bank_script_s24_init            script_s24_init
     00000010  ___bank_script_s2_init             script_s2_init
     00000010  ___bank_script_s2a1_interact       script_s2a1_interact
     00000010  ___bank_script_s30_init            script_s30_init
     00000010  ___bank_script_s30a17_interact     script_s30a17_interact
     00000010  ___bank_script_s30a5_interact      script_s30a5_interact
     00000010  ___bank_spritesheet_14             spritesheet_14
     00000010  ___bank_spritesheet_23             spritesheet_23
     00000010  ___bank_spritesheet_57             spritesheet_57
     00000010  ___bank_spritesheet_59             spritesheet_59
     00000010  ___bank_spritesheet_75             spritesheet_75
     00000010  ___bank_spritesheet_84             spritesheet_84
     00000010  ___bank_tilemap_0                  tilemap_0
ASxxxx Linker V03.00 + NoICE + sdld,  page 11.
Hexadecimal  [32-Bits]

Area                                    Addr        Size        Decimal Bytes (Attributes)
--------------------------------        ----        ----        ------- ----- ------------
.  .ABS.                            00000000    00000000 =           0. bytes (ABS,CON)

      Value  Global                              Global Defined In Module
      -----  --------------------------------   ------------------------
     00000010  ___bank_tilemap_13                 tilemap_13
     00000010  ___bank_tilemap_14                 tilemap_14
     00000010  ___bank_tilemap_15                 tilemap_15
     00000010  ___bank_tilemap_19                 tilemap_19
     00000010  ___bank_tilemap_20                 tilemap_20
     00000010  ___bank_tilemap_21                 tilemap_21
     00000010  ___bank_tilemap_4                  tilemap_4
     00000010  ___bank_tilemap_6                  tilemap_6
     00000010  ___bank_tilemap_attr_0             tilemap_attr_0
     00000010  ___bank_tilemap_attr_13            tilemap_attr_13
     00000010  ___bank_tilemap_attr_14            tilemap_attr_14
     00000010  ___bank_tilemap_attr_15            tilemap_attr_15
     00000010  ___bank_tilemap_attr_19            tilemap_attr_19
     00000010  ___bank_tilemap_attr_20            tilemap_attr_20
     00000010  ___bank_tilemap_attr_21            tilemap_attr_21
     00000010  ___bank_tilemap_attr_4             tilemap_attr_4
     00000010  ___bank_tilemap_attr_6             tilemap_attr_6
     00000010  ___bank_tileset_104                tileset_104
     00000010  ___bank_tileset_39                 tileset_39
     00000010  ___bank_tileset_65                 tileset_65
     00000010  ___bank_tileset_73                 tileset_73
     00000010  ___bank_tileset_98                 tileset_98
     00000010  l__INITIALIZED                  
     00000010  l__INITIALIZER                  
     00000011  ___bank_frame_image                frame_image
     00000011  ___bank_scene_10_actors            scene_10_actors
     00000011  ___bank_scene_16_actors            scene_16_actors
     00000011  ___bank_scene_18_actors            scene_18_actors
     00000011  ___bank_scene_1_actors             scene_1_actors
     00000011  ___bank_scene_20_actors            scene_20_actors
     00000011  ___bank_scene_21_actors            scene_21_actors
     00000011  ___bank_scene_22_actors            scene_22_actors
     00000011  ___bank_scene_23_actors            scene_23_actors
     00000011  ___bank_scene_7_actors             scene_7_actors
     00000011  ___bank_scene_8_actors             scene_8_actors
     00000011  ___bank_script_basichealthcheck    script_basichealthcheck
     00000011  ___bank_script_healthcheckin       script_healthcheckin
     00000011  ___bank_script_healthcheckout      script_healthcheckout
     00000011  ___bank_script_healthdamage        script_healthdamage
     00000011  ___bank_script_healthitempickup    script_healthitempickup
     00000011  ___bank_script_input_8             script_input_8
     00000011  ___bank_script_input_9             script_input_9
     00000011  ___bank_script_interacthealthhid   script_interacthealthhide
     00000011  ___bank_script_s13_init            script_s13_init
     00000011  ___bank_script_s15_init            script_s15_init
     00000011  ___bank_script_s17_init            script_s17_init
     00000011  ___bank_script_s18a1_interact      script_s18a1_interact
     00000011  ___bank_script_s19t0_interact      script_s19t0_interact
     00000011  ___bank_script_s1_init             script_s1_init
     00000011  ___bank_script_s1a3_update         script_s1a3_update
     00000011  ___bank_script_s25_init            script_s25_init
ASxxxx Linker V03.00 + NoICE + sdld,  page 12.
Hexadecimal  [32-Bits]

Area                                    Addr        Size        Decimal Bytes (Attributes)
--------------------------------        ----        ----        ------- ----- ------------
.  .ABS.                            00000000    00000000 =           0. bytes (ABS,CON)

      Value  Global                              Global Defined In Module
      -----  --------------------------------   ------------------------
     00000011  ___bank_script_s2a0_interact       script_s2a0_interact
     00000011  ___bank_script_s2a3_update         script_s2a3_update
     00000011  ___bank_script_s30_p_hit1          script_s30_p_hit1
     00000011  ___bank_script_s30a16_interact     script_s30a16_interact
     00000011  ___bank_script_s30a5_update        script_s30a5_update
     00000011  ___bank_script_s3_init             script_s3_init
     00000011  ___bank_script_s5t1_interact       script_s5t1_interact
     00000011  ___bank_script_s7a0_update         script_s7a0_update
     00000011  ___bank_script_s7a1_update         script_s7a1_update
     00000011  ___bank_spritesheet_1              spritesheet_1
     00000011  ___bank_spritesheet_10             spritesheet_10
     00000011  ___bank_spritesheet_12             spritesheet_12
     00000011  ___bank_spritesheet_13             spritesheet_13
     00000011  ___bank_spritesheet_15             spritesheet_15
     00000011  ___bank_spritesheet_16             spritesheet_16
     00000011  ___bank_spritesheet_17             spritesheet_17
     00000011  ___bank_spritesheet_27             spritesheet_27
     00000011  ___bank_spritesheet_36             spritesheet_36
     00000011  ___bank_spritesheet_4              spritesheet_4
     00000011  ___bank_spritesheet_40             spritesheet_40
     00000011  ___bank_spritesheet_44             spritesheet_44
     00000011  ___bank_spritesheet_48             spritesheet_48
     00000011  ___bank_spritesheet_51             spritesheet_51
     00000011  ___bank_spritesheet_52             spritesheet_52
     00000011  ___bank_spritesheet_55             spritesheet_55
     00000011  ___bank_spritesheet_58             spritesheet_58
     00000011  ___bank_spritesheet_62             spritesheet_62
     00000011  ___bank_spritesheet_63             spritesheet_63
     00000011  ___bank_spritesheet_69             spritesheet_69
     00000011  ___bank_spritesheet_74             spritesheet_74
     00000011  ___bank_spritesheet_77             spritesheet_77
     00000011  ___bank_spritesheet_79             spritesheet_79
     00000011  ___bank_spritesheet_80             spritesheet_80
     00000011  ___bank_spritesheet_82             spritesheet_82
     00000011  ___bank_spritesheet_9              spritesheet_9
     00000011  ___bank_tileset_105                tileset_105
     00000011  ___bank_tileset_109                tileset_109
     00000011  ___bank_tileset_111                tileset_111
     00000011  ___bank_tileset_112                tileset_112
     00000011  ___bank_tileset_113                tileset_113
     00000011  ___bank_tileset_40                 tileset_40
     00000011  ___bank_tileset_42                 tileset_42
     00000011  ___bank_tileset_45                 tileset_45
     00000011  ___bank_tileset_49                 tileset_49
     00000011  ___bank_tileset_51                 tileset_51
     00000011  ___bank_tileset_60                 tileset_60
     00000011  ___bank_tileset_62                 tileset_62
     00000011  ___bank_tileset_63                 tileset_63
     00000011  ___bank_tileset_64                 tileset_64
     00000011  ___bank_tileset_67                 tileset_67
     00000011  ___bank_tileset_74                 tileset_74
ASxxxx Linker V03.00 + NoICE + sdld,  page 13.
Hexadecimal  [32-Bits]

Area                                    Addr        Size        Decimal Bytes (Attributes)
--------------------------------        ----        ----        ------- ----- ------------
.  .ABS.                            00000000    00000000 =           0. bytes (ABS,CON)

      Value  Global                              Global Defined In Module
      -----  --------------------------------   ------------------------
     00000011  ___bank_tileset_76                 tileset_76
     00000011  ___bank_tileset_82                 tileset_82
     00000011  ___bank_tileset_83                 tileset_83
     00000011  ___bank_tileset_86                 tileset_86
     00000011  ___bank_tileset_97                 tileset_97
     00000012  ___bank_palette_0                  palette_0
     00000012  ___bank_palette_1                  palette_1
     00000012  ___bank_palette_10                 palette_10
     00000012  ___bank_palette_11                 palette_11
     00000012  ___bank_palette_12                 palette_12
     00000012  ___bank_palette_13                 palette_13
     00000012  ___bank_palette_14                 palette_14
     00000012  ___bank_palette_15                 palette_15
     00000012  ___bank_palette_16                 palette_16
     00000012  ___bank_palette_17                 palette_17
     00000012  ___bank_palette_18                 palette_18
     00000012  ___bank_palette_19                 palette_19
     00000012  ___bank_palette_2                  palette_2
     00000012  ___bank_palette_20                 palette_20
     00000012  ___bank_palette_21                 palette_21
     00000012  ___bank_palette_22                 palette_22
     00000012  ___bank_palette_23                 palette_23
     00000012  ___bank_palette_24                 palette_24
     00000012  ___bank_palette_25                 palette_25
     00000012  ___bank_palette_26                 palette_26
     00000012  ___bank_palette_27                 palette_27
     00000012  ___bank_palette_28                 palette_28
     00000012  ___bank_palette_29                 palette_29
     00000012  ___bank_palette_3                  palette_3
     00000012  ___bank_palette_30                 palette_30
     00000012  ___bank_palette_31                 palette_31
     00000012  ___bank_palette_32                 palette_32
     00000012  ___bank_palette_33                 palette_33
     00000012  ___bank_palette_34                 palette_34
     00000012  ___bank_palette_35                 palette_35
     00000012  ___bank_palette_36                 palette_36
     00000012  ___bank_palette_37                 palette_37
     00000012  ___bank_palette_38                 palette_38
     00000012  ___bank_palette_39                 palette_39
     00000012  ___bank_palette_4                  palette_4
     00000012  ___bank_palette_40                 palette_40
     00000012  ___bank_palette_41                 palette_41
     00000012  ___bank_palette_42                 palette_42
     00000012  ___bank_palette_43                 palette_43
     00000012  ___bank_palette_44                 palette_44
     00000012  ___bank_palette_45                 palette_45
     00000012  ___bank_palette_46                 palette_46
     00000012  ___bank_palette_47                 palette_47
     00000012  ___bank_palette_48                 palette_48
     00000012  ___bank_palette_49                 palette_49
     00000012  ___bank_palette_5                  palette_5
ASxxxx Linker V03.00 + NoICE + sdld,  page 14.
Hexadecimal  [32-Bits]

Area                                    Addr        Size        Decimal Bytes (Attributes)
--------------------------------        ----        ----        ------- ----- ------------
.  .ABS.                            00000000    00000000 =           0. bytes (ABS,CON)

      Value  Global                              Global Defined In Module
      -----  --------------------------------   ------------------------
     00000012  ___bank_palette_50                 palette_50
     00000012  ___bank_palette_51                 palette_51
     00000012  ___bank_palette_52                 palette_52
     00000012  ___bank_palette_53                 palette_53
     00000012  ___bank_palette_6                  palette_6
     00000012  ___bank_palette_7                  palette_7
     00000012  ___bank_palette_8                  palette_8
     00000012  ___bank_palette_9                  palette_9
     00000012  ___bank_scene_0                    scene_0
     00000012  ___bank_scene_0_triggers           scene_0_triggers
     00000012  ___bank_scene_1                    scene_1
     00000012  ___bank_scene_10                   scene_10
     00000012  ___bank_scene_11                   scene_11
     00000012  ___bank_scene_12                   scene_12
     00000012  ___bank_scene_13                   scene_13
     00000012  ___bank_scene_13_actors            scene_13_actors
     00000012  ___bank_scene_14                   scene_14
     00000012  ___bank_scene_15                   scene_15
     00000012  ___bank_scene_15_actors            scene_15_actors
     00000012  ___bank_scene_16                   scene_16
     00000012  ___bank_scene_17                   scene_17
     00000012  ___bank_scene_18                   scene_18
     00000012  ___bank_scene_19                   scene_19
     00000012  ___bank_scene_1_triggers           scene_1_triggers
     00000012  ___bank_scene_2                    scene_2
     00000012  ___bank_scene_20                   scene_20
     00000012  ___bank_scene_21                   scene_21
     00000012  ___bank_scene_22                   scene_22
     00000012  ___bank_scene_23                   scene_23
     00000012  ___bank_scene_24_actors            scene_24_actors
     00000012  ___bank_scene_30_triggers          scene_30_triggers
     00000012  ___bank_scene_4_triggers           scene_4_triggers
     00000012  ___bank_script_catmomwalk          script_catmomwalk
     00000012  ___bank_script_engine_init         
     00000012  ___bank_script_input_0             script_input_0
     00000012  ___bank_script_input_2             script_input_2
     00000012  ___bank_script_input_3             script_input_3
     00000012  ___bank_script_input_4             script_input_4
     00000012  ___bank_script_input_5             script_input_5
     00000012  ___bank_script_input_6             script_input_6
     00000012  ___bank_script_input_7             script_input_7
     00000012  ___bank_script_s0t0_interact       script_s0t0_interact
     00000012  ___bank_script_s10_init            script_s10_init
     00000012  ___bank_script_s10a0_update        script_s10a0_update
     00000012  ___bank_script_s19t2_interact      script_s19t2_interact
     00000012  ___bank_script_s19t3_interact      script_s19t3_interact
     00000012  ___bank_script_s1a0_interact       script_s1a0_interact
     00000012  ___bank_script_s1a1_interact       script_s1a1_interact
     00000012  ___bank_script_s1a1_update         script_s1a1_update
     00000012  ___bank_script_s1a2_interact       script_s1a2_interact
     00000012  ___bank_script_s1t3_interact       script_s1t3_interact
ASxxxx Linker V03.00 + NoICE + sdld,  page 15.
Hexadecimal  [32-Bits]

Area                                    Addr        Size        Decimal Bytes (Attributes)
--------------------------------        ----        ----        ------- ----- ------------
.  .ABS.                            00000000    00000000 =           0. bytes (ABS,CON)

      Value  Global                              Global Defined In Module
      -----  --------------------------------   ------------------------
     00000012  ___bank_script_s21a0_update        script_s21a0_update
     00000012  ___bank_script_s22_init            script_s22_init
     00000012  ___bank_script_s23_init            script_s23_init
     00000012  ___bank_script_s23a0_update        script_s23a0_update
     00000012  ___bank_script_s26_init            script_s26_init
     00000012  ___bank_script_s27_init            script_s27_init
     00000012  ___bank_script_s28_init            script_s28_init
     00000012  ___bank_script_s2a3_interact       script_s2a3_interact
     00000012  ___bank_script_s2a4_interact       script_s2a4_interact
     00000012  ___bank_script_s2a4_update         script_s2a4_update
     00000012  ___bank_script_s2t0_interact       script_s2t0_interact
     00000012  ___bank_script_s2t1_interact       script_s2t1_interact
     00000012  ___bank_script_s2t2_interact       script_s2t2_interact
     00000012  ___bank_script_s30a10_interact     script_s30a10_interact
     00000012  ___bank_script_s30a10_update       script_s30a10_update
     00000012  ___bank_script_s30a11_update       script_s30a11_update
     00000012  ___bank_script_s30a12_update       script_s30a12_update
     00000012  ___bank_script_s30a13_interact     script_s30a13_interact
     00000012  ___bank_script_s30a13_update       script_s30a13_update
     00000012  ___bank_script_s30a14_interact     script_s30a14_interact
     00000012  ___bank_script_s30a14_update       script_s30a14_update
     00000012  ___bank_script_s30a17_update       script_s30a17_update
     00000012  ___bank_script_s31a6_update        script_s31a6_update
     00000012  ___bank_script_s3a6_interact       script_s3a6_interact
     00000012  ___bank_script_s3a7_interact       script_s3a7_interact
     00000012  ___bank_script_s3t0_interact       script_s3t0_interact
     00000012  ___bank_script_s3t1_interact       script_s3t1_interact
     00000012  ___bank_script_s4t1_interact       script_s4t1_interact
     00000012  ___bank_script_s4t2_interact       script_s4t2_interact
     00000012  ___bank_script_s4t3_interact       script_s4t3_interact
     00000012  ___bank_script_s4t4_interact       script_s4t4_interact
     00000012  ___bank_script_s4t5_interact       script_s4t5_interact
     00000012  ___bank_script_s4t6_interact       script_s4t6_interact
     00000012  ___bank_script_s4t7_interact       script_s4t7_interact
     00000012  ___bank_script_s5a10_interact      script_s5a10_interact
     00000012  ___bank_script_s5t0_interact       script_s5t0_interact
     00000012  ___bank_script_s8_init             script_s8_init
     00000012  ___bank_script_s9_init             script_s9_init
     00000012  ___bank_script_s9t0_interact       script_s9t0_interact
     00000012  ___bank_spritesheet_11             spritesheet_11
     00000012  ___bank_spritesheet_18             spritesheet_18
     00000012  ___bank_spritesheet_21             spritesheet_21
     00000012  ___bank_spritesheet_24             spritesheet_24
     00000012  ___bank_spritesheet_26             spritesheet_26
     00000012  ___bank_spritesheet_28             spritesheet_28
     00000012  ___bank_spritesheet_29             spritesheet_29
     00000012  ___bank_spritesheet_31             spritesheet_31
     00000012  ___bank_spritesheet_33             spritesheet_33
     00000012  ___bank_spritesheet_34             spritesheet_34
     00000012  ___bank_spritesheet_35             spritesheet_35
     00000012  ___bank_spritesheet_37             spritesheet_37
ASxxxx Linker V03.00 + NoICE + sdld,  page 16.
Hexadecimal  [32-Bits]

Area                                    Addr        Size        Decimal Bytes (Attributes)
--------------------------------        ----        ----        ------- ----- ------------
.  .ABS.                            00000000    00000000 =           0. bytes (ABS,CON)

      Value  Global                              Global Defined In Module
      -----  --------------------------------   ------------------------
     00000012  ___bank_spritesheet_38             spritesheet_38
     00000012  ___bank_spritesheet_42             spritesheet_42
     00000012  ___bank_spritesheet_43             spritesheet_43
     00000012  ___bank_spritesheet_45             spritesheet_45
     00000012  ___bank_spritesheet_46             spritesheet_46
     00000012  ___bank_spritesheet_47             spritesheet_47
     00000012  ___bank_spritesheet_53             spritesheet_53
     00000012  ___bank_spritesheet_54             spritesheet_54
     00000012  ___bank_spritesheet_60             spritesheet_60
     00000012  ___bank_spritesheet_66             spritesheet_66
     00000012  ___bank_spritesheet_67             spritesheet_67
     00000012  ___bank_spritesheet_68             spritesheet_68
     00000012  ___bank_spritesheet_7              spritesheet_7
     00000012  ___bank_spritesheet_70             spritesheet_70
     00000012  ___bank_spritesheet_71             spritesheet_71
     00000012  ___bank_spritesheet_73             spritesheet_73
     00000012  ___bank_spritesheet_78             spritesheet_78
     00000012  ___bank_spritesheet_8              spritesheet_8
     00000012  ___bank_spritesheet_83             spritesheet_83
     00000012  ___bank_tileset_100                tileset_100
     00000012  ___bank_tileset_103                tileset_103
     00000012  ___bank_tileset_106                tileset_106
     00000012  ___bank_tileset_110                tileset_110
     00000012  ___bank_tileset_114                tileset_114
     00000012  ___bank_tileset_34                 tileset_34
     00000012  ___bank_tileset_37                 tileset_37
     00000012  ___bank_tileset_38                 tileset_38
     00000012  ___bank_tileset_41                 tileset_41
     00000012  ___bank_tileset_48                 tileset_48
     00000012  ___bank_tileset_50                 tileset_50
     00000012  ___bank_tileset_52                 tileset_52
     00000012  ___bank_tileset_55                 tileset_55
     00000012  ___bank_tileset_56                 tileset_56
     00000012  ___bank_tileset_57                 tileset_57
     00000012  ___bank_tileset_58                 tileset_58
     00000012  ___bank_tileset_59                 tileset_59
     00000012  ___bank_tileset_66                 tileset_66
     00000012  ___bank_tileset_68                 tileset_68
     00000012  ___bank_tileset_71                 tileset_71
     00000012  ___bank_tileset_72                 tileset_72
     00000012  ___bank_tileset_75                 tileset_75
     00000012  ___bank_tileset_89                 tileset_89
     00000012  ___bank_tileset_90                 tileset_90
     00000012  ___bank_tileset_95                 tileset_95
     00000012  ___bank_tileset_99                 tileset_99
     00000013  ___bank_background_1               background_1
     00000013  ___bank_background_10              background_10
     00000013  ___bank_background_11              background_11
     00000013  ___bank_background_12              background_12
     00000013  ___bank_background_13              background_13
     00000013  ___bank_background_14              background_14
ASxxxx Linker V03.00 + NoICE + sdld,  page 17.
Hexadecimal  [32-Bits]

Area                                    Addr        Size        Decimal Bytes (Attributes)
--------------------------------        ----        ----        ------- ----- ------------
.  .ABS.                            00000000    00000000 =           0. bytes (ABS,CON)

      Value  Global                              Global Defined In Module
      -----  --------------------------------   ------------------------
     00000013  ___bank_background_15              background_15
     00000013  ___bank_background_16              background_16
     00000013  ___bank_background_17              background_17
     00000013  ___bank_background_18              background_18
     00000013  ___bank_background_19              background_19
     00000013  ___bank_background_2               background_2
     00000013  ___bank_background_20              background_20
     00000013  ___bank_background_21              background_21
     00000013  ___bank_background_22              background_22
     00000013  ___bank_background_23              background_23
     00000013  ___bank_background_24              background_24
     00000013  ___bank_background_25              background_25
     00000013  ___bank_background_26              background_26
     00000013  ___bank_background_27              background_27
     00000013  ___bank_background_28              background_28
     00000013  ___bank_background_29              background_29
     00000013  ___bank_background_3               background_3
     00000013  ___bank_background_30              background_30
     00000013  ___bank_background_4               background_4
     00000013  ___bank_background_5               background_5
     00000013  ___bank_background_6               background_6
     00000013  ___bank_background_7               background_7
     00000013  ___bank_background_8               background_8
     00000013  ___bank_background_9               background_9
     00000013  ___bank_bootstrap_script           
     00000013  ___bank_cursor_image               cursor_image
     00000013  ___bank_scene_0_sprites            scene_0_sprites
     00000013  ___bank_scene_10_sprites           scene_10_sprites
     00000013  ___bank_scene_10_triggers          scene_10_triggers
     00000013  ___bank_scene_11_sprites           scene_11_sprites
     00000013  ___bank_scene_12_actors            scene_12_actors
     00000013  ___bank_scene_13_sprites           scene_13_sprites
     00000013  ___bank_scene_14_actors            scene_14_actors
     00000013  ___bank_scene_15_sprites           scene_15_sprites
     00000013  ___bank_scene_16_sprites           scene_16_sprites
     00000013  ___bank_scene_17_actors            scene_17_actors
     00000013  ___bank_scene_18_sprites           scene_18_sprites
     00000013  ___bank_scene_18_triggers          scene_18_triggers
     00000013  ___bank_scene_19_sprites           scene_19_sprites
     00000013  ___bank_scene_19_triggers          scene_19_triggers
     00000013  ___bank_scene_1_sprites            scene_1_sprites
     00000013  ___bank_scene_20_sprites           scene_20_sprites
     00000013  ___bank_scene_21_sprites           scene_21_sprites
     00000013  ___bank_scene_22_sprites           scene_22_sprites
     00000013  ___bank_scene_23_sprites           scene_23_sprites
     00000013  ___bank_scene_23_triggers          scene_23_triggers
     00000013  ___bank_scene_24                   scene_24
     00000013  ___bank_scene_24_sprites           scene_24_sprites
     00000013  ___bank_scene_24_triggers          scene_24_triggers
     00000013  ___bank_scene_25                   scene_25
     00000013  ___bank_scene_25_sprites           scene_25_sprites
ASxxxx Linker V03.00 + NoICE + sdld,  page 18.
Hexadecimal  [32-Bits]

Area                                    Addr        Size        Decimal Bytes (Attributes)
--------------------------------        ----        ----        ------- ----- ------------
.  .ABS.                            00000000    00000000 =           0. bytes (ABS,CON)

      Value  Global                              Global Defined In Module
      -----  --------------------------------   ------------------------
     00000013  ___bank_scene_25_triggers          scene_25_triggers
     00000013  ___bank_scene_26                   scene_26
     00000013  ___bank_scene_26_actors            scene_26_actors
     00000013  ___bank_scene_26_sprites           scene_26_sprites
     00000013  ___bank_scene_26_triggers          scene_26_triggers
     00000013  ___bank_scene_27                   scene_27
     00000013  ___bank_scene_27_actors            scene_27_actors
     00000013  ___bank_scene_27_sprites           scene_27_sprites
     00000013  ___bank_scene_27_triggers          scene_27_triggers
     00000013  ___bank_scene_28                   scene_28
     00000013  ___bank_scene_28_actors            scene_28_actors
     00000013  ___bank_scene_28_sprites           scene_28_sprites
     00000013  ___bank_scene_28_triggers          scene_28_triggers
     00000013  ___bank_scene_29                   scene_29
     00000013  ___bank_scene_2_sprites            scene_2_sprites
     00000013  ___bank_scene_2_triggers           scene_2_triggers
     00000013  ___bank_scene_3                    scene_3
     00000013  ___bank_scene_30                   scene_30
     00000013  ___bank_scene_30_projectiles       scene_30_projectiles
     00000013  ___bank_scene_30_sprites           scene_30_sprites
     00000013  ___bank_scene_31                   scene_31
     00000013  ___bank_scene_31_sprites           scene_31_sprites
     00000013  ___bank_scene_3_sprites            scene_3_sprites
     00000013  ___bank_scene_3_triggers           scene_3_triggers
     00000013  ___bank_scene_4                    scene_4
     00000013  ___bank_scene_4_sprites            scene_4_sprites
     00000013  ___bank_scene_5                    scene_5
     00000013  ___bank_scene_5_sprites            scene_5_sprites
     00000013  ___bank_scene_5_triggers           scene_5_triggers
     00000013  ___bank_scene_6                    scene_6
     00000013  ___bank_scene_6_actors             scene_6_actors
     00000013  ___bank_scene_6_sprites            scene_6_sprites
     00000013  ___bank_scene_6_triggers           scene_6_triggers
     00000013  ___bank_scene_7                    scene_7
     00000013  ___bank_scene_7_sprites            scene_7_sprites
     00000013  ___bank_scene_7_triggers           scene_7_triggers
     00000013  ___bank_scene_8                    scene_8
     00000013  ___bank_scene_8_sprites            scene_8_sprites
     00000013  ___bank_scene_8_triggers           scene_8_triggers
     00000013  ___bank_scene_9                    scene_9
     00000013  ___bank_scene_9_sprites            scene_9_sprites
     00000013  ___bank_scene_9_triggers           scene_9_triggers
     00000013  ___bank_script_input_12            script_input_12
     00000013  ___bank_script_input_13            script_input_13
     00000013  ___bank_script_s0a0_interact       script_s0a0_interact
     00000013  ___bank_script_s0t2_interact       script_s0t2_interact
     00000013  ___bank_script_s0t3_interact       script_s0t3_interact
     00000013  ___bank_script_s0t4_interact       script_s0t4_interact
     00000013  ___bank_script_s0t5_interact       script_s0t5_interact
     00000013  ___bank_script_s0t6_interact       script_s0t6_interact
     00000013  ___bank_script_s0t7_interact       script_s0t7_interact
ASxxxx Linker V03.00 + NoICE + sdld,  page 19.
Hexadecimal  [32-Bits]

Area                                    Addr        Size        Decimal Bytes (Attributes)
--------------------------------        ----        ----        ------- ----- ------------
.  .ABS.                            00000000    00000000 =           0. bytes (ABS,CON)

      Value  Global                              Global Defined In Module
      -----  --------------------------------   ------------------------
     00000013  ___bank_script_s0t8_interact       script_s0t8_interact
     00000013  ___bank_script_s0t9_interact       script_s0t9_interact
     00000013  ___bank_script_s10a2_update        script_s10a2_update
     00000013  ___bank_script_s10t0_interact      script_s10t0_interact
     00000013  ___bank_script_s11_init            script_s11_init
     00000013  ___bank_script_s11a1_update        script_s11a1_update
     00000013  ___bank_script_s12a0_update        script_s12a0_update
     00000013  ___bank_script_s18t0_interact      script_s18t0_interact
     00000013  ___bank_script_s19a2_interact      script_s19a2_interact
     00000013  ___bank_script_s19a5_update        script_s19a5_update
     00000013  ___bank_script_s19t1_interact      script_s19t1_interact
     00000013  ___bank_script_s1t0_interact       script_s1t0_interact
     00000013  ___bank_script_s1t1_interact       script_s1t1_interact
     00000013  ___bank_script_s1t2_interact       script_s1t2_interact
     00000013  ___bank_script_s1t4_interact       script_s1t4_interact
     00000013  ___bank_script_s1t5_interact       script_s1t5_interact
     00000013  ___bank_script_s1t6_interact       script_s1t6_interact
     00000013  ___bank_script_s1t7_interact       script_s1t7_interact
     00000013  ___bank_script_s20a2_update        script_s20a2_update
     00000013  ___bank_script_s23a4_update        script_s23a4_update
     00000013  ___bank_script_s23t0_interact      script_s23t0_interact
     00000013  ___bank_script_s24a1_update        script_s24a1_update
     00000013  ___bank_script_s24t0_interact      script_s24t0_interact
     00000013  ___bank_script_s24t1_interact      script_s24t1_interact
     00000013  ___bank_script_s24t2_interact      script_s24t2_interact
     00000013  ___bank_script_s25a3_update        script_s25a3_update
     00000013  ___bank_script_s25t0_interact      script_s25t0_interact
     00000013  ___bank_script_s25t1_interact      script_s25t1_interact
     00000013  ___bank_script_s26a0_update        script_s26a0_update
     00000013  ___bank_script_s26t0_interact      script_s26t0_interact
     00000013  ___bank_script_s27a0_update        script_s27a0_update
     00000013  ___bank_script_s27t0_interact      script_s27t0_interact
     00000013  ___bank_script_s28a0_update        script_s28a0_update
     00000013  ___bank_script_s28t0_interact      script_s28t0_interact
     00000013  ___bank_script_s29_init            script_s29_init
     00000013  ___bank_script_s2a5_update         script_s2a5_update
     00000013  ___bank_script_s2a7_update         script_s2a7_update
     00000013  ___bank_script_s30a15_interact     script_s30a15_interact
     00000013  ___bank_script_s30a3_update        script_s30a3_update
     00000013  ___bank_script_s30a4_update        script_s30a4_update
     00000013  ___bank_script_s30a6_update        script_s30a6_update
     00000013  ___bank_script_s30a7_update        script_s30a7_update
     00000013  ___bank_script_s30a8_interact      script_s30a8_interact
     00000013  ___bank_script_s30a8_update        script_s30a8_update
     00000013  ___bank_script_s30a9_interact      script_s30a9_interact
     00000013  ___bank_script_s30a9_update        script_s30a9_update
     00000013  ___bank_script_s30t0_interact      script_s30t0_interact
     00000013  ___bank_script_s30t10_interact     script_s30t10_interact
     00000013  ___bank_script_s30t11_interact     script_s30t11_interact
     00000013  ___bank_script_s30t12_interact     script_s30t12_interact
     00000013  ___bank_script_s30t13_interact     script_s30t13_interact
ASxxxx Linker V03.00 + NoICE + sdld,  page 20.
Hexadecimal  [32-Bits]

Area                                    Addr        Size        Decimal Bytes (Attributes)
--------------------------------        ----        ----        ------- ----- ------------
.  .ABS.                            00000000    00000000 =           0. bytes (ABS,CON)

      Value  Global                              Global Defined In Module
      -----  --------------------------------   ------------------------
     00000013  ___bank_script_s30t1_interact      script_s30t1_interact
     00000013  ___bank_script_s30t2_interact      script_s30t2_interact
     00000013  ___bank_script_s30t3_interact      script_s30t3_interact
     00000013  ___bank_script_s30t4_interact      script_s30t4_interact
     00000013  ___bank_script_s30t5_interact      script_s30t5_interact
     00000013  ___bank_script_s30t6_interact      script_s30t6_interact
     00000013  ___bank_script_s30t7_interact      script_s30t7_interact
     00000013  ___bank_script_s30t8_interact      script_s30t8_interact
     00000013  ___bank_script_s30t9_interact      script_s30t9_interact
     00000013  ___bank_script_s3a10_update        script_s3a10_update
     00000013  ___bank_script_s3a11_update        script_s3a11_update
     00000013  ___bank_script_s4a6_update         script_s4a6_update
     00000013  ___bank_script_s4a7_update         script_s4a7_update
     00000013  ___bank_script_s4t0_interact       script_s4t0_interact
     00000013  ___bank_script_s5a10_update        script_s5a10_update
     00000013  ___bank_script_s5a12_update        script_s5a12_update
     00000013  ___bank_script_s5a13_update        script_s5a13_update
     00000013  ___bank_script_s6_init             script_s6_init
     00000013  ___bank_script_s6t0_interact       script_s6t0_interact
     00000013  ___bank_script_s6t1_interact       script_s6t1_interact
     00000013  ___bank_script_s6t2_interact       script_s6t2_interact
     00000013  ___bank_script_s6t3_interact       script_s6t3_interact
     00000013  ___bank_script_s7_init             script_s7_init
     00000013  ___bank_script_s7t0_interact       script_s7t0_interact
     00000013  ___bank_script_s7t1_interact       script_s7t1_interact
     00000013  ___bank_script_s8t0_interact       script_s8t0_interact
     00000013  ___bank_script_s9a4_update         script_s9a4_update
     00000013  ___bank_script_s9a5_update         script_s9a5_update
     00000013  ___bank_script_s9a6_update         script_s9a6_update
     00000013  ___bank_spritesheet_2              spritesheet_2
     00000013  ___bank_spritesheet_20             spritesheet_20
     00000013  ___bank_spritesheet_25             spritesheet_25
     00000013  ___bank_spritesheet_30             spritesheet_30
     00000013  ___bank_spritesheet_32             spritesheet_32
     00000013  ___bank_spritesheet_39             spritesheet_39
     00000013  ___bank_spritesheet_41             spritesheet_41
     00000013  ___bank_spritesheet_6              spritesheet_6
     00000013  ___bank_spritesheet_72             spritesheet_72
     00000013  ___bank_spritesheet_none           spritesheet_none
     00000013  ___bank_tileset_101                tileset_101
     00000013  ___bank_tileset_102                tileset_102
     00000013  ___bank_tileset_32                 tileset_32
     00000013  ___bank_tileset_36                 tileset_36
     00000013  ___bank_tileset_54                 tileset_54
     00000013  ___bank_tileset_61                 tileset_61
     00000013  ___bank_tileset_70                 tileset_70
     00000013  ___bank_tileset_87                 tileset_87
     00000013  ___bank_tileset_92                 tileset_92
     0000001C  __start_save                    
     0000002D  l__GSINIT                       
     00000030  l__HEADER6                      
ASxxxx Linker V03.00 + NoICE + sdld,  page 21.
Hexadecimal  [32-Bits]

Area                                    Addr        Size        Decimal Bytes (Attributes)
--------------------------------        ----        ----        ------- ----- ------------
.  .ABS.                            00000000    00000000 =           0. bytes (ABS,CON)

      Value  Global                              Global Defined In Module
      -----  --------------------------------   ------------------------
     0000004E  l__HEADER4                      
     00000082  l__HEADER10                     
     000001CB  l__CRASH_SCRATCH2               
     00000200  s__CODE                         
     00000B80  l__CODE                         
     00000D80  s__HOME                         
     00001902  l__DATA                         
     00001C22  l__CODE_19                      
     00002000  _rROMB0                            
     000027E5  l__HOME                         
     000029C1  l__CODE_1                       
     000029CF  l__CODE_4                       
     00002A0E  l__CODE_3                       
     00003000  _rROMB1                            
     00003565  s__BASE                         
     00003565  s__CODE_0                       
     00003565  s__INITIALIZER                  
     00003565  s__LIT                          
     00003575  s__GSINIT                       
     000035A2  s__GSFINAL                      
     0000398E  l__CODE_2                       
     00003FFE  l__CODE_14                      
     00003FFE  l__CODE_16                      
     00003FFF  l__CODE_13                      
     00003FFF  l__CODE_18                      
     00004000  _RTC_SELECT_REG                    vm_rtc
     00004000  _rRAMB                             
     00004000  l__CODE_10                      
     00004000  l__CODE_11                      
     00004000  l__CODE_12                      
     00004000  l__CODE_15                      
     00004000  l__CODE_17                      
     00004000  l__CODE_5                       
     00004000  l__CODE_6                       
     00004000  l__CODE_7                       
     00004000  l__CODE_8                       
     00004000  l__CODE_9                       
     00006000  _RTC_LATCH_REG                     vm_rtc
     00008000  __VRAM                             
     00008000  __VRAM8000                         
     00008800  __VRAM8800                         
     00009000  __VRAM9000                         
     00009800  __SCRN0                            
     00009C00  __SCRN1                            
     0000A000  _RTC_VALUE_REG                     vm_rtc
     0000A000  __SRAM                             
     0000C000  __RAM                              
     0000C000  _shadow_OAM                     
     0000C0A0  s__DATA                         
     0000D000  __RAMBANK                          
     0000D9A2  s__BSS                          
ASxxxx Linker V03.00 + NoICE + sdld,  page 22.
Hexadecimal  [32-Bits]

Area                                    Addr        Size        Decimal Bytes (Attributes)
--------------------------------        ----        ----        ------- ----- ------------
.  .ABS.                            00000000    00000000 =           0. bytes (ABS,CON)

      Value  Global                              Global Defined In Module
      -----  --------------------------------   ------------------------
     0000D9A2  s__INITIALIZED                  
     0000D9B2  s__HEAP                         
     0000DF00  .STACK                          
     0000DF00  _shadow_OAM2                       absolute
     0000DFA0  _BkgPalette                        absolute
     0000DFE0  _vwf_tile_data                     absolute
     0000FE00  __OAMRAM                           
     0000FF00  _P1_REG                            
     0000FF00  __IO                               
     0000FF01  _SB_REG                            
     0000FF02  _SC_REG                            
     0000FF04  _DIV_REG                           
     0000FF05  _TIMA_REG                          
     0000FF06  _TMA_REG                           
     0000FF07  _TAC_REG                           
     0000FF0F  _IF_REG                            
     0000FF10  _NR10_REG                          
     0000FF11  _NR11_REG                          
     0000FF12  _NR12_REG                          
     0000FF13  _NR13_REG                          
     0000FF14  _NR14_REG                          
     0000FF16  _NR21_REG                          
     0000FF17  _NR22_REG                          
     0000FF18  _NR23_REG                          
     0000FF19  _NR24_REG                          
     0000FF1A  _NR30_REG                          
     0000FF1B  _NR31_REG                          
     0000FF1C  _NR32_REG                          
     0000FF1D  _NR33_REG                          
     0000FF1E  _NR34_REG                          
     0000FF20  _NR41_REG                          
     0000FF21  _NR42_REG                          
     0000FF22  _NR43_REG                          
     0000FF23  _NR44_REG                          
     0000FF24  _NR50_REG                          
     0000FF25  _NR51_REG                          
     0000FF26  _NR52_REG                          
     0000FF30  _AUD3WAVE                          
     0000FF30  _PCM_SAMPLE                        
     0000FF30  __AUD3WAVERAM                      
     0000FF40  _LCDC_REG                          
     0000FF41  _STAT_REG                          
     0000FF42  _SCY_REG                           
     0000FF43  _SCX_REG                           
     0000FF44  _LY_REG                            
     0000FF45  _LYC_REG                           
     0000FF46  _DMA_REG                           
     0000FF47  _BGP_REG                           
     0000FF48  _OBP0_REG                          
     0000FF49  _OBP1_REG                          
     0000FF4A  _WY_REG                            
ASxxxx Linker V03.00 + NoICE + sdld,  page 23.
Hexadecimal  [32-Bits]

Area                                    Addr        Size        Decimal Bytes (Attributes)
--------------------------------        ----        ----        ------- ----- ------------
.  .ABS.                            00000000    00000000 =           0. bytes (ABS,CON)

      Value  Global                              Global Defined In Module
      -----  --------------------------------   ------------------------
     0000FF4B  _WX_REG                            
     0000FF4D  _KEY1_REG                          
[...]
                                          [ tileset_103 ]
/var/folders/gj/jqmwnfvx1lbc4fdzss0n2gdc0000gn/T/_gbsbuild/obj/tileset_104.rel
                                          [ tileset_104 ]
/var/folders/gj/jqmwnfvx1lbc4fdzss0n2gdc0000gn/T/_gbsbuild/obj/tileset_105.rel
                                          [ tileset_105 ]
/var/folders/gj/jqmwnfvx1lbc4fdzss0n2gdc0000gn/T/_gbsbuild/obj/tileset_106.rel
                                          [ tileset_106 ]
/var/folders/gj/jqmwnfvx1lbc4fdzss0n2gdc0000gn/T/_gbsbuild/obj/tileset_107.rel
                                          [ tileset_107 ]
/var/folders/gj/jqmwnfvx1lbc4fdzss0n2gdc0000gn/T/_gbsbuild/obj/tileset_108.rel
                                          [ tileset_108 ]
/var/folders/gj/jqmwnfvx1lbc4fdzss0n2gdc0000gn/T/_gbsbuild/obj/tileset_109.rel
                                          [ tileset_109 ]
/var/folders/gj/jqmwnfvx1lbc4fdzss0n2gdc0000gn/T/_gbsbuild/obj/tileset_11.rel
                                          [ tileset_11 ]
/var/folders/gj/jqmwnfvx1lbc4fdzss0n2gdc0000gn/T/_gbsbuild/obj/tileset_110.rel
                                          [ tileset_110 ]
/var/folders/gj/jqmwnfvx1lbc4fdzss0n2gdc0000gn/T/_gbsbuild/obj/tileset_111.rel
                                          [ tileset_111 ]
/var/folders/gj/jqmwnfvx1lbc4fdzss0n2gdc0000gn/T/_gbsbuild/obj/tileset_112.rel
                                          [ tileset_112 ]
/var/folders/gj/jqmwnfvx1lbc4fdzss0n2gdc0000gn/T/_gbsbuild/obj/tileset_113.rel
                                          [ tileset_113 ]
/var/folders/gj/jqmwnfvx1lbc4fdzss0n2gdc0000gn/T/_gbsbuild/obj/tileset_114.rel
                                          [ tileset_114 ]
/var/folders/gj/jqmwnfvx1lbc4fdzss0n2gdc0000gn/T/_gbsbuild/obj/tileset_12.rel
                                          [ tileset_12 ]
/var/folders/gj/jqmwnfvx1lbc4fdzss0n2gdc0000gn/T/_gbsbuild/obj/tileset_13.rel
                                          [ tileset_13 ]
/var/folders/gj/jqmwnfvx1lbc4fdzss0n2gdc0000gn/T/_gbsbuild/obj/tileset_14.rel
                                          [ tileset_14 ]
/var/folders/gj/jqmwnfvx1lbc4fdzss0n2gdc0000gn/T/_gbsbuild/obj/tileset_15.rel
                                          [ tileset_15 ]
/var/folders/gj/jqmwnfvx1lbc4fdzss0n2gdc0000gn/T/_gbsbuild/obj/tileset_16.rel
                                          [ tileset_16 ]
/var/folders/gj/jqmwnfvx1lbc4fdzss0n2gdc0000gn/T/_gbsbuild/obj/tileset_17.rel
                                          [ tileset_17 ]
/var/folders/gj/jqmwnfvx1lbc4fdzss0n2gdc0000gn/T/_gbsbuild/obj/tileset_18.rel
                                          [ tileset_18 ]
/var/folders/gj/jqmwnfvx1lbc4fdzss0n2gdc0000gn/T/_gbsbuild/obj/tileset_19.rel
                                          [ tileset_19 ]
/var/folders/gj/jqmwnfvx1lbc4fdzss0n2gdc0000gn/T/_gbsbuild/obj/tileset_2.rel
                                          [ tileset_2 ]
/var/folders/gj/jqmwnfvx1lbc4fdzss0n2gdc0000gn/T/_gbsbuild/obj/tileset_20.rel
                                          [ tileset_20 ]
/var/folders/gj/jqmwnfvx1lbc4fdzss0n2gdc0000gn/T/_gbsbuild/obj/tileset_21.rel
                                          [ tileset_21 ]
/var/folders/gj/jqmwnfvx1lbc4fdzss0n2gdc0000gn/T/_gbsbuild/obj/tileset_22.rel
                                          [ tileset_22 ]
/var/folders/gj/jqmwnfvx1lbc4fdzss0n2gdc0000gn/T/_gbsbuild/obj/tileset_23.rel
                                          [ tileset_23 ]
/var/folders/gj/jqmwnfvx1lbc4fdzss0n2gdc0000gn/T/_gbsbuild/obj/tileset_24.rel
                                          [ tileset_24 ]
/var/folders/gj/jqmwnfvx1lbc4fdzss0n2gdc0000gn/T/_gbsbuild/obj/tileset_25.rel
                                          [ tileset_25 ]
/var/folders/gj/jqmwnfvx1lbc4fdzss0n2gdc0000gn/T/_gbsbuild/obj/tileset_26.rel
                                          [ tileset_26 ]
/var/folders/gj/jqmwnfvx1lbc4fdzss0n2gdc0000gn/T/_gbsbuild/obj/tileset_27.rel
                                          [ tileset_27 ]
/var/folders/gj/jqmwnfvx1lbc4fdzss0n2gdc0000gn/T/_gbsbuild/obj/tileset_28.rel
                                          [ tileset_28 ]
/var/folders/gj/jqmwnfvx1lbc4fdzss0n2gdc0000gn/T/_gbsbuild/obj/tileset_29.rel
                                          [ tileset_29 ]
/var/folders/gj/jqmwnfvx1lbc4fdzss0n2gdc0000gn/T/_gbsbuild/obj/tileset_3.rel
                                          [ tileset_3 ]
/var/folders/gj/jqmwnfvx1lbc4fdzss0n2gdc0000gn/T/_gbsbuild/obj/tileset_30.rel
                                          [ tileset_30 ]
/var/folders/gj/jqmwnfvx1lbc4fdzss0n2gdc0000gn/T/_gbsbuild/obj/tileset_31.rel
                                          [ tileset_31 ]
/var/folders/gj/jqmwnfvx1lbc4fdzss0n2gdc0000gn/T/_gbsbuild/obj/tileset_32.rel
                                          [ tileset_32 ]
/var/folders/gj/jqmwnfvx1lbc4fdzss0n2gdc0000gn/T/_gbsbuild/obj/tileset_33.rel
                                          [ tileset_33 ]
/var/folders/gj/jqmwnfvx1lbc4fdzss0n2gdc0000gn/T/_gbsbuild/obj/tileset_34.rel
                                          [ tileset_34 ]
/var/folders/gj/jqmwnfvx1lbc4fdzss0n2gdc0000gn/T/_gbsbuild/obj/tileset_35.rel
                                          [ tileset_35 ]
/var/folders/gj/jqmwnfvx1lbc4fdzss0n2gdc0000gn/T/_gbsbuild/obj/tileset_36.rel
                                          [ tileset_36 ]
/var/folders/gj/jqmwnfvx1lbc4fdzss0n2gdc0000gn/T/_gbsbuild/obj/tileset_37.rel
                                          [ tileset_37 ]
/var/folders/gj/jqmwnfvx1lbc4fdzss0n2gdc0000gn/T/_gbsbuild/obj/tileset_38.rel
                                          [ tileset_38 ]
/var/folders/gj/jqmwnfvx1lbc4fdzss0n2gdc0000gn/T/_gbsbuild/obj/tileset_39.rel
                                          [ tileset_39 ]
/var/folders/gj/jqmwnfvx1lbc4fdzss0n2gdc0000gn/T/_gbsbuild/obj/tileset_4.rel
                                          [ tileset_4 ]
/var/folders/gj/jqmwnfvx1lbc4fdzss0n2gdc0000gn/T/_gbsbuild/obj/tileset_40.rel
                                          [ tileset_40 ]
/var/folders/gj/jqmwnfvx1lbc4fdzss0n2gdc0000gn/T/_gbsbuild/obj/tileset_41.rel
                                          [ tileset_41 ]
/var/folders/gj/jqmwnfvx1lbc4fdzss0n2gdc0000gn/T/_gbsbuild/obj/tileset_42.rel
                                          [ tileset_42 ]
/var/folders/gj/jqmwnfvx1lbc4fdzss0n2gdc0000gn/T/_gbsbuild/obj/tileset_43.rel
                                          [ tileset_43 ]
/var/folders/gj/jqmwnfvx1lbc4fdzss0n2gdc0000gn/T/_gbsbuild/obj/tileset_44.rel
                                          [ tileset_44 ]
/var/folders/gj/jqmwnfvx1lbc4fdzss0n2gdc0000gn/T/_gbsbuild/obj/tileset_45.rel
                                          [ tileset_45 ]
/var/folders/gj/jqmwnfvx1lbc4fdzss0n2gdc0000gn/T/_gbsbuild/obj/tileset_46.rel
                                          [ tileset_46 ]
/var/folders/gj/jqmwnfvx1lbc4fdzss0n2gdc0000gn/T/_gbsbuild/obj/tileset_47.rel
                                          [ tileset_47 ]
/var/folders/gj/jqmwnfvx1lbc4fdzss0n2gdc0000gn/T/_gbsbuild/obj/tileset_48.rel
                                          [ tileset_48 ]
/var/folders/gj/jqmwnfvx1lbc4fdzss0n2gdc0000gn/T/_gbsbuild/obj/tileset_49.rel
                                          [ tileset_49 ]
/var/folders/gj/jqmwnfvx1lbc4fdzss0n2gdc0000gn/T/_gbsbuild/obj/tileset_5.rel
                                          [ tileset_5 ]
/var/folders/gj/jqmwnfvx1lbc4fdzss0n2gdc0000gn/T/_gbsbuild/obj/tileset_50.rel
                                          [ tileset_50 ]
/var/folders/gj/jqmwnfvx1lbc4fdzss0n2gdc0000gn/T/_gbsbuild/obj/tileset_51.rel
                                          [ tileset_51 ]
/var/folders/gj/jqmwnfvx1lbc4fdzss0n2gdc0000gn/T/_gbsbuild/obj/tileset_52.rel
                                          [ tileset_52 ]
/var/folders/gj/jqmwnfvx1lbc4fdzss0n2gdc0000gn/T/_gbsbuild/obj/tileset_53.rel
                                          [ tileset_53 ]
/var/folders/gj/jqmwnfvx1lbc4fdzss0n2gdc0000gn/T/_gbsbuild/obj/tileset_54.rel
                                          [ tileset_54 ]
/var/folders/gj/jqmwnfvx1lbc4fdzss0n2gdc0000gn/T/_gbsbuild/obj/tileset_55.rel
                                          [ tileset_55 ]
/var/folders/gj/jqmwnfvx1lbc4fdzss0n2gdc0000gn/T/_gbsbuild/obj/tileset_56.rel
                                          [ tileset_56 ]
/var/folders/gj/jqmwnfvx1lbc4fdzss0n2gdc0000gn/T/_gbsbuild/obj/tileset_57.rel
                                          [ tileset_57 ]
/var/folders/gj/jqmwnfvx1lbc4fdzss0n2gdc0000gn/T/_gbsbuild/obj/tileset_58.rel
                                          [ tileset_58 ]
/var/folders/gj/jqmwnfvx1lbc4fdzss0n2gdc0000gn/T/_gbsbuild/obj/tileset_59.rel
                                          [ tileset_59 ]
/var/folders/gj/jqmwnfvx1lbc4fdzss0n2gdc0000gn/T/_gbsbuild/obj/tileset_6.rel
                                          [ tileset_6 ]
/var/folders/gj/jqmwnfvx1lbc4fdzss0n2gdc0000gn/T/_gbsbuild/obj/tileset_60.rel
                                          [ tileset_60 ]
/var/folders/gj/jqmwnfvx1lbc4fdzss0n2gdc0000gn/T/_gbsbuild/obj/tileset_61.rel
                                          [ tileset_61 ]
/var/folders/gj/jqmwnfvx1lbc4fdzss0n2gdc0000gn/T/_gbsbuild/obj/tileset_62.rel
                                          [ tileset_62 ]
/var/folders/gj/jqmwnfvx1lbc4fdzss0n2gdc0000gn/T/_gbsbuild/obj/tileset_63.rel
                                          [ tileset_63 ]
/var/folders/gj/jqmwnfvx1lbc4fdzss0n2gdc0000gn/T/_gbsbuild/obj/tileset_64.rel
                                          [ tileset_64 ]
/var/folders/gj/jqmwnfvx1lbc4fdzss0n2gdc0000gn/T/_gbsbuild/obj/tileset_65.rel
                                          [ tileset_65 ]
/var/folders/gj/jqmwnfvx1lbc4fdzss0n2gdc0000gn/T/_gbsbuild/obj/tileset_66.rel
                                          [ tileset_66 ]
/var/folders/gj/jqmwnfvx1lbc4fdzss0n2gdc0000gn/T/_gbsbuild/obj/tileset_67.rel
                                          [ tileset_67 ]
/var/folders/gj/jqmwnfvx1lbc4fdzss0n2gdc0000gn/T/_gbsbuild/obj/tileset_68.rel
                                          [ tileset_68 ]
/var/folders/gj/jqmwnfvx1lbc4fdzss0n2gdc0000gn/T/_gbsbuild/obj/tileset_69.rel
                                          [ tileset_69 ]
/var/folders/gj/jqmwnfvx1lbc4fdzss0n2gdc0000gn/T/_gbsbuild/obj/tileset_7.rel
                                          [ tileset_7 ]
/var/folders/gj/jqmwnfvx1lbc4fdzss0n2gdc0000gn/T/_gbsbuild/obj/tileset_70.rel
                                          [ tileset_70 ]
/var/folders/gj/jqmwnfvx1lbc4fdzss0n2gdc0000gn/T/_gbsbuild/obj/tileset_71.rel
                                          [ tileset_71 ]
/var/folders/gj/jqmwnfvx1lbc4fdzss0n2gdc0000gn/T/_gbsbuild/obj/tileset_72.rel
                                          [ tileset_72 ]
/var/folders/gj/jqmwnfvx1lbc4fdzss0n2gdc0000gn/T/_gbsbuild/obj/tileset_73.rel
                                          [ tileset_73 ]
/var/folders/gj/jqmwnfvx1lbc4fdzss0n2gdc0000gn/T/_gbsbuild/obj/tileset_74.rel
                                          [ tileset_74 ]
/var/folders/gj/jqmwnfvx1lbc4fdzss0n2gdc0000gn/T/_gbsbuild/obj/tileset_75.rel
                                          [ tileset_75 ]
/var/folders/gj/jqmwnfvx1lbc4fdzss0n2gdc0000gn/T/_gbsbuild/obj/tileset_76.rel
                                          [ tileset_76 ]
/var/folders/gj/jqmwnfvx1lbc4fdzss0n2gdc0000gn/T/_gbsbuild/obj/tileset_77.rel
                                          [ tileset_77 ]
/var/folders/gj/jqmwnfvx1lbc4fdzss0n2gdc0000gn/T/_gbsbuild/obj/tileset_78.rel
                                          [ tileset_78 ]
/var/folders/gj/jqmwnfvx1lbc4fdzss0n2gdc0000gn/T/_gbsbuild/obj/tileset_79.rel
                                          [ tileset_79 ]
/var/folders/gj/jqmwnfvx1lbc4fdzss0n2gdc0000gn/T/_gbsbuild/obj/tileset_8.rel
                                          [ tileset_8 ]
/var/folders/gj/jqmwnfvx1lbc4fdzss0n2gdc0000gn/T/_gbsbuild/obj/tileset_80.rel
                                          [ tileset_80 ]
/var/folders/gj/jqmwnfvx1lbc4fdzss0n2gdc0000gn/T/_gbsbuild/obj/tileset_81.rel
                                          [ tileset_81 ]
/var/folders/gj/jqmwnfvx1lbc4fdzss0n2gdc0000gn/T/_gbsbuild/obj/tileset_82.rel
                                          [ tileset_82 ]
/var/folders/gj/jqmwnfvx1lbc4fdzss0n2gdc0000gn/T/_gbsbuild/obj/tileset_83.rel
                                          [ tileset_83 ]
/var/folders/gj/jqmwnfvx1lbc4fdzss0n2gdc0000gn/T/_gbsbuild/obj/tileset_84.rel
                                          [ tileset_84 ]
/var/folders/gj/jqmwnfvx1lbc4fdzss0n2gdc0000gn/T/_gbsbuild/obj/tileset_85.rel
                                          [ tileset_85 ]
/var/folders/gj/jqmwnfvx1lbc4fdzss0n2gdc0000gn/T/_gbsbuild/obj/tileset_86.rel
                                          [ tileset_86 ]
/var/folders/gj/jqmwnfvx1lbc4fdzss0n2gdc0000gn/T/_gbsbuild/obj/tileset_87.rel
                                          [ tileset_87 ]
/var/folders/gj/jqmwnfvx1lbc4fdzss0n2gdc0000gn/T/_gbsbuild/obj/tileset_88.rel
                                          [ tileset_88 ]
/var/folders/gj/jqmwnfvx1lbc4fdzss0n2gdc0000gn/T/_gbsbuild/obj/tileset_89.rel
                                          [ tileset_89 ]
/var/folders/gj/jqmwnfvx1lbc4fdzss0n2gdc0000gn/T/_gbsbuild/obj/tileset_9.rel
                                          [ tileset_9 ]
/var/folders/gj/jqmwnfvx1lbc4fdzss0n2gdc0000gn/T/_gbsbuild/obj/tileset_90.rel
                                          [ tileset_90 ]
/var/folders/gj/jqmwnfvx1lbc4fdzss0n2gdc0000gn/T/_gbsbuild/obj/tileset_91.rel
                                          [ tileset_91 ]
/var/folders/gj/jqmwnfvx1lbc4fdzss0n2gdc0000gn/T/_gbsbuild/obj/tileset_92.rel
                                          [ tileset_92 ]
/var/folders/gj/jqmwnfvx1lbc4fdzss0n2gdc0000gn/T/_gbsbuild/obj/tileset_93.rel
                                          [ tileset_93 ]
/var/folders/gj/jqmwnfvx1lbc4fdzss0n2gdc0000gn/T/_gbsbuild/obj/tileset_94.rel
                                          [ tileset_94 ]
/var/folders/gj/jqmwnfvx1lbc4fdzss0n2gdc0000gn/T/_gbsbuild/obj/tileset_95.rel
                                          [ tileset_95 ]
/var/folders/gj/jqmwnfvx1lbc4fdzss0n2gdc0000gn/T/_gbsbuild/obj/tileset_96.rel
                                          [ tileset_96 ]
/var/folders/gj/jqmwnfvx1lbc4fdzss0n2gdc0000gn/T/_gbsbuild/obj/tileset_97.rel
                                          [ tileset_97 ]
/var/folders/gj/jqmwnfvx1lbc4fdzss0n2gdc0000gn/T/_gbsbuild/obj/tileset_98.rel
                                          [ tileset_98 ]
/var/folders/gj/jqmwnfvx1lbc4fdzss0n2gdc0000gn/T/_gbsbuild/obj/tileset_99.rel
                                          [ tileset_99 ]
/var/folders/gj/jqmwnfvx1lbc4fdzss0n2gdc0000gn/T/_gbsbuild/obj/main.rel
                                          [ main ]
/var/folders/gj/jqmwnfvx1lbc4fdzss0n2gdc0000gn/T/_gbsbuild/obj/adventure.rel
                                          [ adventure ]
/var/folders/gj/jqmwnfvx1lbc4fdzss0n2gdc0000gn/T/_gbsbuild/obj/logo.rel
                                          [ logo ]
/var/folders/gj/jqmwnfvx1lbc4fdzss0n2gdc0000gn/T/_gbsbuild/obj/platform.rel
                                          [ platform ]
/var/folders/gj/jqmwnfvx1lbc4fdzss0n2gdc0000gn/T/_gbsbuild/obj/pointnclick.rel
                                          [ pointnclick ]
/var/folders/gj/jqmwnfvx1lbc4fdzss0n2gdc0000gn/T/_gbsbuild/obj/shmup.rel
                                          [ shmup ]
/var/folders/gj/jqmwnfvx1lbc4fdzss0n2gdc0000gn/T/_gbsbuild/obj/states_ptrs.rel
                                          [  ]
/var/folders/gj/jqmwnfvx1lbc4fdzss0n2gdc0000gn/T/_gbsbuild/obj/topdown.rel
                                          [ topdown ]


Libraries Linked                          [ object file ]

/var/folders/gj/jqmwnfvx1lbc4fdzss0n2gdc0000gn/T/_gbstools/gbdk/lib/small/asxxxx/gb/gb.lib
                                          [ fill_rect_wi.o ]
lib/hUGEDriver.lib                        [ hUGEDriver.obj.o ]
/var/folders/gj/jqmwnfvx1lbc4fdzss0n2gdc0000gn/T/_gbstools/gbdk/lib/small/asxxxx/gbz80/gbz80.lib
                                          [ rand.o ]
/var/folders/gj/jqmwnfvx1lbc4fdzss0n2gdc0000gn/T/_gbstools/gbdk/lib/small/asxxxx/gb/gb.lib
                                          [ sfr.o ]
/var/folders/gj/jqmwnfvx1lbc4fdzss0n2gdc0000gn/T/_gbstools/gbdk/lib/small/asxxxx/gb/gb.lib
                                          [ cgb_palettes.o ]
/var/folders/gj/jqmwnfvx1lbc4fdzss0n2gdc0000gn/T/_gbstools/gbdk/lib/small/asxxxx/gb/gb.lib
                                          [ metasprites_hide_spr.o ]
/var/folders/gj/jqmwnfvx1lbc4fdzss0n2gdc0000gn/T/_gbstools/gbdk/lib/small/asxxxx/gbz80/gbz80.lib
                                          [ mul.o ]
/var/folders/gj/jqmwnfvx1lbc4fdzss0n2gdc0000gn/T/_gbstools/gbdk/lib/small/asxxxx/gbz80/gbz80.lib
                                          [ abs.o ]
/var/folders/gj/jqmwnfvx1lbc4fdzss0n2gdc0000gn/T/_gbstools/gbdk/lib/small/asxxxx/gb/gb.lib
                                          [ set_wi_t.o ]
/var/folders/gj/jqmwnfvx1lbc4fdzss0n2gdc0000gn/T/_gbstools/gbdk/lib/small/asxxxx/gb/gb.lib
                                          [ set_data.o ]
/var/folders/gj/jqmwnfvx1lbc4fdzss0n2gdc0000gn/T/_gbstools/gbdk/lib/small/asxxxx/gbz80/gbz80.lib
                                          [ reverse.o ]
/var/folders/gj/jqmwnfvx1lbc4fdzss0n2gdc0000gn/T/_gbstools/gbdk/lib/small/asxxxx/gb/gb.lib
                                          [ far_ptr.o ]
/var/folders/gj/jqmwnfvx1lbc4fdzss0n2gdc0000gn/T/_gbstools/gbdk/lib/small/asxxxx/gb/gb.lib
                                          [ sgb.o ]
/var/folders/gj/jqmwnfvx1lbc4fdzss0n2gdc0000gn/T/_gbstools/gbdk/lib/small/asxxxx/gb/gb.lib
                                          [ lcd.o ]
/var/folders/gj/jqmwnfvx1lbc4fdzss0n2gdc0000gn/T/_gbstools/gbdk/lib/small/asxxxx/gb/gb.lib
                                          [ fill_rect.o ]
/var/folders/gj/jqmwnfvx1lbc4fdzss0n2gdc0000gn/T/_gbstools/gbdk/lib/small/asxxxx/gb/gb.lib
                                          [ cpy_data.o ]
/var/folders/gj/jqmwnfvx1lbc4fdzss0n2gdc0000gn/T/_gbstools/gbdk/lib/small/asxxxx/gb/gb.lib
                                          [ fill_rect_bk.o ]
/var/folders/gj/jqmwnfvx1lbc4fdzss0n2gdc0000gn/T/_gbstools/gbdk/lib/small/asxxxx/gb/gb.lib
                                          [ pad.o ]
/var/folders/gj/jqmwnfvx1lbc4fdzss0n2gdc0000gn/T/_gbstools/gbdk/lib/small/asxxxx/gb/gb.lib
                                          [ metasprites.o ]
/var/folders/gj/jqmwnfvx1lbc4fdzss0n2gdc0000gn/T/_gbstools/gbdk/lib/small/asxxxx/gbz80/gbz80.lib
                                          [ __sdcc_call_hl.o ]
/var/folders/gj/jqmwnfvx1lbc4fdzss0n2gdc0000gn/T/_gbstools/gbdk/lib/small/asxxxx/gbz80/gbz80.lib
                                          [ _memcpy.o ]
/var/folders/gj/jqmwnfvx1lbc4fdzss0n2gdc0000gn/T/_gbstools/gbdk/lib/small/asxxxx/gbz80/gbz80.lib
                                          [ _memset.o ]
/var/folders/gj/jqmwnfvx1lbc4fdzss0n2gdc0000gn/T/_gbstools/gbdk/lib/small/asxxxx/gb/gb.lib
                                          [ ___sdcc_bcall_ehl.o ]
/var/folders/gj/jqmwnfvx1lbc4fdzss0n2gdc0000gn/T/_gbstools/gbdk/lib/small/asxxxx/gb/gb.lib
                                          [ cgb.o ]
/var/folders/gj/jqmwnfvx1lbc4fdzss0n2gdc0000gn/T/_gbstools/gbdk/lib/small/asxxxx/gbz80/gbz80.lib
                                          [ div.o ]
/var/folders/gj/jqmwnfvx1lbc4fdzss0n2gdc0000gn/T/_gbstools/gbdk/lib/small/asxxxx/gb/gb.lib
                                          [ set_bk_t.o ]
/var/folders/gj/jqmwnfvx1lbc4fdzss0n2gdc0000gn/T/_gbstools/gbdk/lib/small/asxxxx/gb/gb.lib
                                          [ set_xy_t.o ]

ASxxxx Linker V03.00 + NoICE + sdld,  page 118.

User Base Address Definitions

_DATA=0xC0A0
_CODE=0x0200
ASxxxx Linker V03.00 + NoICE + sdld,  page 119.

User Global Definitions

.STACK=0xDF00
_shadow_OAM=0xC000
.refresh_OAM=0xFF80
__start_save=28

